10 4 16 4 2
10 4 2 16 4
